00:00 +0: loading C:/Users/aryan/Downloads/OSINT_Personal_Data_Exposer_Analyzer-main/test/widget_test.dart
00:00 +0: Register Validation Test - Phone Number

Warning: A call to tap() with finder "Found 1 widget with type "ElevatedButton": [
  ElevatedButton(style: ButtonStyle#5272a(textStyle: WidgetStatePropertyAll(null), backgroundColor: WidgetStateMapper<Color?>({WidgetState.disabled: null, WidgetState.any: MaterialAccentColor(primary value: Color(alpha: 1.0000, red: 0.2667, green: 0.5412, blue: 1.0000, colorSpace: ColorSpace.sRGB))}), foregroundColor: WidgetStateMapper<Color?>({WidgetState.disabled: null, WidgetState.any: Color(alpha: 1.0000, red: 1.0000, green: 1.0000, blue: 1.0000, colorSpace: ColorSpace.sRGB)}), overlayColor: WidgetStateMapper<Color?>({WidgetState.pressed: Color(alpha: 0.1020, red: 1.0000, green: 1.0000, blue: 1.0000, colorSpace: ColorSpace.sRGB), WidgetState.hovered: Color(alpha: 0.0784, red: 1.0000, green: 1.0000, blue: 1.0000, colorSpace: ColorSpace.sRGB), WidgetState.focused: Color(alpha: 0.1020, red: 1.0000, green: 1.0000, blue: 1.0000, colorSpace: ColorSpace.sRGB)}), elevation: WidgetStateMapper<double>({WidgetState.disabled: 0.0, WidgetState.pressed: 10.0, WidgetState.hovered: 6.0, WidgetState.focused: 6.0, WidgetState.any: 4.0}), padding: WidgetStatePropertyAll(EdgeInsets(0.0, 14.0, 0.0, 14.0)), shape: WidgetStatePropertyAll(RoundedRectangleBorder(BorderSide(width: 0.0, style: none), BorderRadius.circular(12.0))), mouseCursor: WidgetStateMapper<MouseCursor?>({WidgetState.disabled: null, WidgetState.any: null})), dependencies: [IconTheme, InheritedCupertinoTheme, MediaQuery, _InheritedTheme, _LocalizationsScope-[GlobalKey#56c34]], state: _ButtonStyleState#63c0e),
]" derived an Offset (Offset(400.0, 682.5)) that would not hit test on the specified widget.
Maybe the widget is actually off-screen, or another widget is obscuring it, or the widget cannot receive pointer events.
Indeed, Offset(400.0, 682.5) is outside the bounds of the root of the render tree, Size(800.0, 600.0).
The finder corresponds to this RenderBox: RenderSemanticsAnnotations#7c755 relayoutBoundary=up15
The hit test result at that offset is: HitTestResult(HitTestEntry<HitTestTarget>#67bf7(_ReusableRenderView#013c1), HitTestEntry<HitTestTarget>#46c6a(<AutomatedTestWidgetsFlutterBinding>))
#0      WidgetController._getElementPoint (package:flutter_test/src/controller.dart:2144:25)
#1      WidgetController.getCenter (package:flutter_test/src/controller.dart:1928:12)
#2      WidgetController.tap (package:flutter_test/src/controller.dart:1061:7)
#3      main.<anonymous closure> (file:///C:/Users/aryan/Downloads/OSINT_Personal_Data_Exposer_Analyzer-main/test/widget_test.dart:67:18)
<asynchronous suspension>
#4      testWidgets.<anonymous closure>.<anonymous closure> (package:flutter_test/src/widget_tester.dart:192:15)
<asynchronous suspension>
#5      TestWidgetsFlutterBinding._runTestBody (package:flutter_test/src/binding.dart:1682:5)
<asynchronous suspension>
#6      StackZoneSpecification._registerCallback.<anonymous closure> (package:stack_trace/src/stack_zone_specification.dart:114:42)
<asynchronous suspension>
To silence this warning, pass "warnIfMissed: false" to "tap()".
To make this warning fatal, set WidgetController.hitTestWarningShouldBeFatal to true.

TEST DEBUG: Phone error not found. Visible texts:
 - "OSINT Data Analyzer"
 - "Create Account"
 - "Fill in your details to get started"
 - "First Name"
 - "Last Name"
 - "Email"
 - "+91 (IN)"
 - "Phone Number"
 - "Username"
 - "Password"
 - "Confirm Password"
 - "Register"
 - "Already have an account? Login"
ΓòÉΓòÉΓòí EXCEPTION CAUGHT BY FLUTTER TEST FRAMEWORK Γò₧ΓòÉΓòÉΓòÉΓòÉΓòÉΓòÉΓòÉΓòÉΓòÉΓòÉΓòÉΓòÉΓòÉΓòÉΓòÉΓòÉΓòÉΓòÉΓòÉΓòÉΓòÉΓòÉΓòÉΓòÉΓòÉΓòÉΓòÉΓòÉΓòÉΓòÉΓòÉΓòÉΓòÉΓòÉΓòÉΓòÉΓòÉΓòÉΓòÉΓòÉΓòÉΓòÉΓòÉΓòÉΓòÉΓòÉΓòÉΓòÉΓòÉΓòÉΓòÉΓòÉ
The following TestFailure was thrown running a test:
Expected: exactly one matching candidate
  Actual: _TextContainingWidgetFinder:<Found 0 widgets with text containing number: []>
   Which: means none were found but one was expected

When the exception was thrown, this was the stack:
#4      main.<anonymous closure> (file:///C:/Users/aryan/Downloads/OSINT_Personal_Data_Exposer_Analyzer-main/test/widget_test.dart:80:5)
<asynchronous suspension>
#5      testWidgets.<anonymous closure>.<anonymous closure> (package:flutter_test/src/widget_tester.dart:192:15)
<asynchronous suspension>
#6      TestWidgetsFlutterBinding._runTestBody (package:flutter_test/src/binding.dart:1682:5)
<asynchronous suspension>
<asynchronous suspension>
(elided one frame from package:stack_trace)

This was caught by the test expectation on the following line:
  file:///C:/Users/aryan/Downloads/OSINT_Personal_Data_Exposer_Analyzer-main/test/widget_test.dart line 80
The test description was:
  Register Validation Test - Phone Number
ΓòÉΓòÉΓòÉΓòÉΓòÉΓòÉΓòÉΓòÉΓòÉΓòÉΓòÉΓòÉΓòÉΓòÉΓòÉΓòÉΓòÉΓòÉΓòÉΓòÉΓòÉΓòÉΓòÉΓòÉΓòÉΓòÉΓòÉΓòÉΓòÉΓòÉΓòÉΓòÉΓòÉΓòÉΓòÉΓòÉΓòÉΓòÉΓòÉΓòÉΓòÉΓòÉΓòÉΓòÉΓòÉΓòÉΓòÉΓòÉΓòÉΓòÉΓòÉΓòÉΓòÉΓòÉΓòÉΓòÉΓòÉΓòÉΓòÉΓòÉΓòÉΓòÉΓòÉΓòÉΓòÉΓòÉΓòÉΓòÉΓòÉΓòÉΓòÉΓòÉΓòÉΓòÉΓòÉΓòÉΓòÉΓòÉΓòÉΓòÉΓòÉΓòÉΓòÉΓòÉΓòÉΓòÉΓòÉΓòÉΓòÉΓòÉΓòÉΓòÉΓòÉΓòÉΓòÉΓòÉΓòÉΓòÉΓòÉΓòÉ
00:02 +0 -1: Register Validation Test - Phone Number [E]
  Test failed. See exception logs above.
  The test description was: Register Validation Test - Phone Number
  
00:02 +0 -1: Some tests failed.
